     VMA      LMA     Size Align Out     In      Symbol
       0        0        0     1 _stack_start = ORIGIN(RAM) + LENGTH(RAM)
       0        0        0     1 PROVIDE(NonMaskableInt = DefaultHandler)
       0        0        0     1 PROVIDE(SVCall = DefaultHandler)
       0        0        0     1 PROVIDE(PendSV = DefaultHandler)
       0        0        0     1 PROVIDE(SysTick = DefaultHandler)
       0        0        0     1 PROVIDE(DefaultHandler = DefaultHandler_)
       0        0        0     1 PROVIDE(HardFault = HardFault_)
       0        0        0     1 PROVIDE(__pre_init = DefaultPreInit)
       0        0        0     1 PROVIDE(_ram_end = ORIGIN(RAM) + LENGTH(RAM))
       0        0       c0     4 .vector_table
       0        0        0     1         __vector_table = .
       0        0        4     1         LONG(_stack_start & 0xFFFFFFF8)
       4        4        4     4         /home/sashad/Documents/OpenSteamController-Continued/Firmware/Rust_Firmware/target/thumbv6m-none-eabi/release/deps/steamcontroller_firmware-4ec8a0154cca4da5.steamcontroller_firmware.dda15ec74839e1c5-cgu.0.rcgu.o:(.vector_table.reset_vector)
       4        4        4     1                 __RESET_VECTOR
       8        8        0     1         __exceptions = .
       8        8       38     4         /home/sashad/Documents/OpenSteamController-Continued/Firmware/Rust_Firmware/target/thumbv6m-none-eabi/release/deps/steamcontroller_firmware-4ec8a0154cca4da5.steamcontroller_firmware.dda15ec74839e1c5-cgu.0.rcgu.o:(.vector_table.exceptions)
       8        8       38     1                 __EXCEPTIONS
      40       40        0     1         __eexceptions = .
      40       40       80     4         /home/sashad/Documents/OpenSteamController-Continued/Firmware/Rust_Firmware/target/thumbv6m-none-eabi/release/deps/steamcontroller_firmware-4ec8a0154cca4da5.steamcontroller_firmware.dda15ec74839e1c5-cgu.0.rcgu.o:(.vector_table.interrupts)
      40       40       80     1                 __INTERRUPTS
      c0       c0        0     1 PROVIDE(_stext = ADDR(.vector_table) + SIZEOF(.vector_table))
      c0       c0     3bcc     4 .text
      c0       c0        0     1         __stext = .
      c0       c0       3c     4         /home/sashad/Documents/OpenSteamController-Continued/Firmware/Rust_Firmware/target/thumbv6m-none-eabi/release/deps/steamcontroller_firmware-4ec8a0154cca4da5.steamcontroller_firmware.dda15ec74839e1c5-cgu.0.rcgu.o:(.Reset)
      c0       c0        0     1                 $t
      c1       c1       28     1                 Reset
      e8       e8        0     1                 $d
      fc       fc       1c     4         /home/sashad/Documents/OpenSteamController-Continued/Firmware/Rust_Firmware/target/thumbv6m-none-eabi/release/deps/steamcontroller_firmware-4ec8a0154cca4da5.steamcontroller_firmware.dda15ec74839e1c5-cgu.0.rcgu.o:(.text._ZN4core4cell16RefCell$LT$T$GT$10borrow_mut17h8f3ebae2e1f45526E)
      fc       fc        0     1                 $t
      fd       fd       1c     1                 core::cell::RefCell$LT$T$GT$::borrow_mut::h8f3ebae2e1f45526
     114      114        0     1                 $d
     118      118        e     2         /home/sashad/Documents/OpenSteamController-Continued/Firmware/Rust_Firmware/target/thumbv6m-none-eabi/release/deps/steamcontroller_firmware-4ec8a0154cca4da5.steamcontroller_firmware.dda15ec74839e1c5-cgu.0.rcgu.o:(.text._ZN8cortex_m8register7primask4read17h0ef3e36defb60577E)
     118      118        0     1                 $t
     119      119        e     1                 cortex_m::register::primask::read::h0ef3e36defb60577
     126      126       80     2         /home/sashad/Documents/OpenSteamController-Continued/Firmware/Rust_Firmware/target/thumbv6m-none-eabi/release/deps/steamcontroller_firmware-4ec8a0154cca4da5.steamcontroller_firmware.dda15ec74839e1c5-cgu.0.rcgu.o:(.text._ZN24steamcontroller_firmware3hal3i2c9I2cDriver10write_read17h35c5245dccd5c6deE)
     126      126        0     1                 $t
     127      127       80     1                 steamcontroller_firmware::hal::i2c::I2cDriver::write_read::h35c5245dccd5c6de
     1a6      1a6       18     2         /home/sashad/Documents/OpenSteamController-Continued/Firmware/Rust_Firmware/target/thumbv6m-none-eabi/release/deps/steamcontroller_firmware-4ec8a0154cca4da5.steamcontroller_firmware.dda15ec74839e1c5-cgu.0.rcgu.o:(.text._ZN24steamcontroller_firmware3hal3i2c9I2cDriver10send_start17hc4aebd1fdb623c2fE)
     1a6      1a6        0     1                 $t
     1a7      1a7       18     1                 steamcontroller_firmware::hal::i2c::I2cDriver::send_start::hc4aebd1fdb623c2f
     1c0      1c0       24     4         /home/sashad/Documents/OpenSteamController-Continued/Firmware/Rust_Firmware/target/thumbv6m-none-eabi/release/deps/steamcontroller_firmware-4ec8a0154cca4da5.steamcontroller_firmware.dda15ec74839e1c5-cgu.0.rcgu.o:(.text._ZN24steamcontroller_firmware3hal3i2c9I2cDriver12send_address17h66b34f4889c8d9f4E)
     1c0      1c0        0     1                 $t
     1c1      1c1       24     1                 steamcontroller_firmware::hal::i2c::I2cDriver::send_address::h66b34f4889c8d9f4
     1e0      1e0        0     1                 $d
     1e4      1e4       1c     4         /home/sashad/Documents/OpenSteamController-Continued/Firmware/Rust_Firmware/target/thumbv6m-none-eabi/release/deps/steamcontroller_firmware-4ec8a0154cca4da5.steamcontroller_firmware.dda15ec74839e1c5-cgu.0.rcgu.o:(.text._ZN24steamcontroller_firmware3hal3i2c9I2cDriver9send_data17h60527c02dbc6aedbE)
     1e4      1e4        0     1                 $t
     1e5      1e5       1c     1                 steamcontroller_firmware::hal::i2c::I2cDriver::send_data::h60527c02dbc6aedb
     1fc      1fc        0     1                 $d
     200      200       4c     4         /home/sashad/Documents/OpenSteamController-Continued/Firmware/Rust_Firmware/target/thumbv6m-none-eabi/release/deps/steamcontroller_firmware-4ec8a0154cca4da5.steamcontroller_firmware.dda15ec74839e1c5-cgu.0.rcgu.o:(.text._ZN24steamcontroller_firmware3hal3i2c9I2cDriver15wait_for_status17ha574a689b64df68aE)
     200      200        0     1                 $t
     201      201       4c     1                 steamcontroller_firmware::hal::i2c::I2cDriver::wait_for_status::ha574a689b64df68a
     244      244        0     1                 $d
     24c      24c       30     4         /home/sashad/Documents/OpenSteamController-Continued/Firmware/Rust_Firmware/target/thumbv6m-none-eabi/release/deps/steamcontroller_firmware-4ec8a0154cca4da5.steamcontroller_firmware.dda15ec74839e1c5-cgu.0.rcgu.o:(.text._ZN24steamcontroller_firmware3hal3spi10BitBangSpi12set_sck_high17hbb1bcbaa22847359E)
     24c      24c        0     1                 $t
     24d      24d       30     1                 steamcontroller_firmware::hal::spi::BitBangSpi::set_sck_high::hbb1bcbaa22847359
     274      274        0     1                 $d
     27c      27c       30     4         /home/sashad/Documents/OpenSteamController-Continued/Firmware/Rust_Firmware/target/thumbv6m-none-eabi/release/deps/steamcontroller_firmware-4ec8a0154cca4da5.steamcontroller_firmware.dda15ec74839e1c5-cgu.0.rcgu.o:(.text._ZN24steamcontroller_firmware3hal3spi10BitBangSpi11set_sck_low17h89b2e854b2ff6c9dE)
     27c      27c        0     1                 $t
     27d      27d       30     1                 steamcontroller_firmware::hal::spi::BitBangSpi::set_sck_low::h89b2e854b2ff6c9d
     2a4      2a4        0     1                 $d
     2ac      2ac       34     4         /home/sashad/Documents/OpenSteamController-Continued/Firmware/Rust_Firmware/target/thumbv6m-none-eabi/release/deps/steamcontroller_firmware-4ec8a0154cca4da5.steamcontroller_firmware.dda15ec74839e1c5-cgu.0.rcgu.o:(.text._ZN24steamcontroller_firmware3hal3spi10BitBangSpi9read_miso17h7ef974df293fc8d2E)
     2ac      2ac        0     1                 $t
     2ad      2ad       34     1                 steamcontroller_firmware::hal::spi::BitBangSpi::read_miso::h7ef974df293fc8d2
     2d8      2d8        0     1                 $d
     2e0      2e0      150     4         /home/sashad/Documents/OpenSteamController-Continued/Firmware/Rust_Firmware/target/thumbv6m-none-eabi/release/deps/steamcontroller_firmware-4ec8a0154cca4da5.steamcontroller_firmware.dda15ec74839e1c5-cgu.0.rcgu.o:(.text._ZN24steamcontroller_firmware3hal3spi9SpiDriver8transfer17h47b8194bcd07cedeE)
     2e0      2e0        0     1                 $t
     2e1      2e1      150     1                 steamcontroller_firmware::hal::spi::SpiDriver::transfer::h47b8194bcd07cede
     380      380        0     1                 $d
     390      390        0     1                 $t
     428      428        0     1                 $d
     430      430       12     2         /home/sashad/Documents/OpenSteamController-Continued/Firmware/Rust_Firmware/target/thumbv6m-none-eabi/release/deps/steamcontroller_firmware-4ec8a0154cca4da5.steamcontroller_firmware.dda15ec74839e1c5-cgu.0.rcgu.o:(.text._ZN24steamcontroller_firmware7drivers7mpu65007Mpu650015set_accel_range17h43bc4c26387ea598E)
     430      430        0     1                 $t
     431      431       12     1                 steamcontroller_firmware::drivers::mpu6500::Mpu6500::set_accel_range::h43bc4c26387ea598
     442      442       12     2         /home/sashad/Documents/OpenSteamController-Continued/Firmware/Rust_Firmware/target/thumbv6m-none-eabi/release/deps/steamcontroller_firmware-4ec8a0154cca4da5.steamcontroller_firmware.dda15ec74839e1c5-cgu.0.rcgu.o:(.text._ZN24steamcontroller_firmware7drivers7mpu65007Mpu650014set_gyro_range17h1b6395523c53e21eE)
     442      442        0     1                 $t
     443      443       12     1                 steamcontroller_firmware::drivers::mpu6500::Mpu6500::set_gyro_range::h1b6395523c53e21e
     454      454       48     2         /home/sashad/Documents/OpenSteamController-Continued/Firmware/Rust_Firmware/target/thumbv6m-none-eabi/release/deps/steamcontroller_firmware-4ec8a0154cca4da5.steamcontroller_firmware.dda15ec74839e1c5-cgu.0.rcgu.o:(.text._ZN24steamcontroller_firmware7drivers7mpu65007Mpu650014write_register17hc189d793a56aca78E)
     454      454        0     1                 $t
     455      455       48     1                 steamcontroller_firmware::drivers::mpu6500::Mpu6500::write_register::hc189d793a56aca78
     49c      49c       18     2         /home/sashad/Documents/OpenSteamController-Continued/Firmware/Rust_Firmware/target/thumbv6m-none-eabi/release/deps/steamcontroller_firmware-4ec8a0154cca4da5.steamcontroller_firmware.dda15ec74839e1c5-cgu.0.rcgu.o:(.text._ZN24steamcontroller_firmware7drivers8nrf518228Nrf5182217start_advertising17hf4a77e710689241dE)
     49c      49c        0     1                 $t
     49d      49d       18     1                 steamcontroller_firmware::drivers::nrf51822::Nrf51822::start_advertising::hf4a77e710689241d
     4b4      4b4       20     4         /home/sashad/Documents/OpenSteamController-Continued/Firmware/Rust_Firmware/target/thumbv6m-none-eabi/release/deps/steamcontroller_firmware-4ec8a0154cca4da5.steamcontroller_firmware.dda15ec74839e1c5-cgu.0.rcgu.o:(.text._ZN24steamcontroller_firmware7drivers8nrf518228Nrf518229send_data17h5d309b471ade428fE)
     4b4      4b4        0     1                 $t
     4b5      4b5       20     1                 steamcontroller_firmware::drivers::nrf51822::Nrf51822::send_data::h5d309b471ade428f
     4d0      4d0        0     1                 $d
     4d4      4d4       64     4         /home/sashad/Documents/OpenSteamController-Continued/Firmware/Rust_Firmware/target/thumbv6m-none-eabi/release/deps/steamcontroller_firmware-4ec8a0154cca4da5.steamcontroller_firmware.dda15ec74839e1c5-cgu.0.rcgu.o:(.text._ZN24steamcontroller_firmware7drivers8trackpad8Trackpad14write_register17h10755ac7158db013E)
     4d4      4d4        0     1                 $t
     4d5      4d5       64     1                 steamcontroller_firmware::drivers::trackpad::Trackpad::write_register::h10755ac7158db013
     52c      52c        0     1                 $d
     538      538       68     4         /home/sashad/Documents/OpenSteamController-Continued/Firmware/Rust_Firmware/target/thumbv6m-none-eabi/release/deps/steamcontroller_firmware-4ec8a0154cca4da5.steamcontroller_firmware.dda15ec74839e1c5-cgu.0.rcgu.o:(.text._ZN24steamcontroller_firmware7drivers8trackpad8Trackpad13read_register17he2d8cec2f0ff0d65E)
     538      538        0     1                 $t
     539      539       68     1                 steamcontroller_firmware::drivers::trackpad::Trackpad::read_register::he2d8cec2f0ff0d65
     594      594        0     1                 $d
     5a0      5a0       28     4         /home/sashad/Documents/OpenSteamController-Continued/Firmware/Rust_Firmware/target/thumbv6m-none-eabi/release/deps/steamcontroller_firmware-4ec8a0154cca4da5.steamcontroller_firmware.dda15ec74839e1c5-cgu.0.rcgu.o:(.text._ZN24steamcontroller_firmware8read_adc17hdef2b83d92cbe5ccE)
     5a0      5a0        0     1                 $t
     5a1      5a1       28     1                 steamcontroller_firmware::read_adc::hdef2b83d92cbe5cc
     5c0      5c0        0     1                 $d
     5c8      5c8        8     2         /home/sashad/Documents/OpenSteamController-Continued/Firmware/Rust_Firmware/target/thumbv6m-none-eabi/release/deps/steamcontroller_firmware-4ec8a0154cca4da5.steamcontroller_firmware.dda15ec74839e1c5-cgu.0.rcgu.o:(.text.main)
     5c8      5c8        0     1                 $t
     5c9      5c9        8     1                 main
     5d0      5d0      b5c     4         /home/sashad/Documents/OpenSteamController-Continued/Firmware/Rust_Firmware/target/thumbv6m-none-eabi/release/deps/steamcontroller_firmware-4ec8a0154cca4da5.steamcontroller_firmware.dda15ec74839e1c5-cgu.0.rcgu.o:(.text._ZN24steamcontroller_firmware18__cortex_m_rt_main17h2e91cbb157a1d2a9E)
     5d0      5d0        0     1                 $t
     5d1      5d1      b5c     1                 steamcontroller_firmware::__cortex_m_rt_main::h2e91cbb157a1d2a9
     8a8      8a8        0     1                 $d
     8d8      8d8        0     1                 $t
     900      900        0     1                 $d
     908      908        0     1                 $t
     ec8      ec8        0     1                 $d
     edc      edc        0     1                 $t
    1114     1114        0     1                 $d
    112c     112c        8     2         /home/sashad/Documents/OpenSteamController-Continued/Firmware/Rust_Firmware/target/thumbv6m-none-eabi/release/deps/steamcontroller_firmware-4ec8a0154cca4da5.steamcontroller_firmware.dda15ec74839e1c5-cgu.0.rcgu.o:(.text.unlikely._ZN4core9panicking9panic_fmt17h22d8f7125f02d4dcE)
    112c     112c        0     1                 $t
    112d     112d        8     1                 core::panicking::panic_fmt::h22d8f7125f02d4dc
    1134     1134        8     2         /home/sashad/Documents/OpenSteamController-Continued/Firmware/Rust_Firmware/target/thumbv6m-none-eabi/release/deps/steamcontroller_firmware-4ec8a0154cca4da5.steamcontroller_firmware.dda15ec74839e1c5-cgu.0.rcgu.o:(.text.unlikely._ZN4core6option13unwrap_failed17h6d3a8a94eb658bb7E)
    1134     1134        0     1                 $t
    1135     1135        8     1                 core::option::unwrap_failed::h6d3a8a94eb658bb7
    113c     113c        8     2         /home/sashad/Documents/OpenSteamController-Continued/Firmware/Rust_Firmware/target/thumbv6m-none-eabi/release/deps/steamcontroller_firmware-4ec8a0154cca4da5.steamcontroller_firmware.dda15ec74839e1c5-cgu.0.rcgu.o:(.text.unlikely._ZN4core4cell22panic_already_borrowed17hfea3e37c6b37e420E)
    113c     113c        0     1                 $t
    113d     113d        8     1                 core::cell::panic_already_borrowed::hfea3e37c6b37e420
    1144     1144        6     2         /home/sashad/Documents/OpenSteamController-Continued/Firmware/Rust_Firmware/target/thumbv6m-none-eabi/release/deps/steamcontroller_firmware-4ec8a0154cca4da5.steamcontroller_firmware.dda15ec74839e1c5-cgu.0.rcgu.o:(.text.DefaultHandler_)
    1144     1144        0     1                 $t
    1145     1145        6     1                 DefaultHandler_
    114a     114a        6     2         /home/sashad/Documents/OpenSteamController-Continued/Firmware/Rust_Firmware/target/thumbv6m-none-eabi/release/deps/steamcontroller_firmware-4ec8a0154cca4da5.steamcontroller_firmware.dda15ec74839e1c5-cgu.0.rcgu.o:(.text.DefaultPreInit)
    114a     114a        0     1                 $t
    114b     114b        6     1                 DefaultPreInit
    1150     1150       dc     4         /home/sashad/Documents/OpenSteamController-Continued/Firmware/Rust_Firmware/target/thumbv6m-none-eabi/release/deps/steamcontroller_firmware-4ec8a0154cca4da5.steamcontroller_firmware.dda15ec74839e1c5-cgu.0.rcgu.o:(.text._ZN4libm4math4sqrt5sqrtf17h9db5e383d93a9d1eE)
    1150     1150        0     1                 $t
    1151     1151       dc     1                 libm::math::sqrt::sqrtf::h9db5e383d93a9d1e
    1210     1210        0     1                 $d
    122c     122c       6a     2         /home/sashad/Documents/OpenSteamController-Continued/Firmware/Rust_Firmware/target/thumbv6m-none-eabi/release/deps/steamcontroller_firmware-4ec8a0154cca4da5.steamcontroller_firmware.dda15ec74839e1c5-cgu.0.rcgu.o:(.text._ZN4libm4math7generic4sqrt11goldschmidt17h70bc9a567835c3dcE)
    122c     122c        0     1                 $t
    122d     122d       6a     1                 libm::math::generic::sqrt::goldschmidt::h70bc9a567835c3dc
    1298     1298      148     4         /home/sashad/Documents/OpenSteamController-Continued/Firmware/Rust_Firmware/target/thumbv6m-none-eabi/release/deps/steamcontroller_firmware-4ec8a0154cca4da5.steamcontroller_firmware.dda15ec74839e1c5-cgu.0.rcgu.o:(.text._ZN4libm4math6atan2f6atan2f17ha3d3151d9bbe3b2bE)
    1298     1298        0     1                 $t
    1299     1299      148     1                 libm::math::atan2f::atan2f::ha3d3151d9bbe3b2b
    12fc     12fc        0     1                 $d
    1300     1300        0     1                 $t
    1338     1338        0     1                 $d
    133c     133c        0     1                 $t
    1384     1384        0     1                 $d
    1388     1388        0     1                 $t
    13bc     13bc        0     1                 $d
    13e0     13e0      1dc     4         /home/sashad/Documents/OpenSteamController-Continued/Firmware/Rust_Firmware/target/thumbv6m-none-eabi/release/deps/steamcontroller_firmware-4ec8a0154cca4da5.steamcontroller_firmware.dda15ec74839e1c5-cgu.0.rcgu.o:(.text._ZN4libm4math5atanf5atanf17ha7ff92a55ef4b32aE)
    13e0     13e0        0     1                 $t
    13e1     13e1      1dc     1                 libm::math::atanf::atanf::ha7ff92a55ef4b32a
    1580     1580        0     1                 $d
    15bc     15bc       98     4         /home/sashad/Documents/OpenSteamController-Continued/Firmware/Rust_Firmware/target/thumbv6m-none-eabi/release/deps/steamcontroller_firmware-4ec8a0154cca4da5.steamcontroller_firmware.dda15ec74839e1c5-cgu.0.rcgu.o:(.text._ZN4libm4math7generic6scalbn6scalbn17h42fc175650114b4dE)
    15bc     15bc        0     1                 $t
    15bd     15bd       98     1                 libm::math::generic::scalbn::scalbn::h42fc175650114b4d
    1638     1638        0     1                 $d
    1654     1654       28     2         /home/sashad/Documents/OpenSteamController-Continued/Firmware/Rust_Firmware/target/thumbv6m-none-eabi/release/deps/steamcontroller_firmware-4ec8a0154cca4da5.steamcontroller_firmware.dda15ec74839e1c5-cgu.0.rcgu.o:(.text._ZN4core4iter5range110_$LT$impl$u20$core..iter..traits..iterator..Iterator$u20$for$u20$core..ops..range..RangeInclusive$LT$A$GT$$GT$4next17hd1777a5b0a6faf92E)
    1654     1654        0     1                 $t
    1655     1655       28     1                 core::iter::range::_$LT$impl$u20$core..iter..traits..iterator..Iterator$u20$for$u20$core..ops..range..RangeInclusive$LT$A$GT$$GT$::next::hd1777a5b0a6faf92
    167c     167c       28     2         /home/sashad/Documents/OpenSteamController-Continued/Firmware/Rust_Firmware/target/thumbv6m-none-eabi/release/deps/steamcontroller_firmware-4ec8a0154cca4da5.steamcontroller_firmware.dda15ec74839e1c5-cgu.0.rcgu.o:(.text._ZN98_$LT$core..iter..adapters..rev..Rev$LT$I$GT$$u20$as$u20$core..iter..traits..iterator..Iterator$GT$4next17h33b1638bc44279c0E)
    167c     167c        0     1                 $t
    167d     167d       28     1                 _$LT$core..iter..adapters..rev..Rev$LT$I$GT$$u20$as$u20$core..iter..traits..iterator..Iterator$GT$::next::h33b1638bc44279c0
    16a4     16a4      128     4         /home/sashad/Documents/OpenSteamController-Continued/Firmware/Rust_Firmware/target/thumbv6m-none-eabi/release/deps/steamcontroller_firmware-4ec8a0154cca4da5.steamcontroller_firmware.dda15ec74839e1c5-cgu.0.rcgu.o:(.text._ZN4libm4math4cosf4cosf17hac725e20d5c28b9aE)
    16a4     16a4        0     1                 $t
    16a5     16a5      128     1                 libm::math::cosf::cosf::hac725e20d5c28b9a
    1754     1754        0     1                 $d
    1758     1758        0     1                 $t
    1798     1798        0     1                 $d
    17cc     17cc      924     4         /home/sashad/Documents/OpenSteamController-Continued/Firmware/Rust_Firmware/target/thumbv6m-none-eabi/release/deps/steamcontroller_firmware-4ec8a0154cca4da5.steamcontroller_firmware.dda15ec74839e1c5-cgu.0.rcgu.o:(.text._ZN4libm4math9rem_pio2f9rem_pio2f17hbc884c8e767df2b6E)
    17cc     17cc        0     1                 $t
    17cd     17cd      924     1                 libm::math::rem_pio2f::rem_pio2f::hbc884c8e767df2b6
    1b70     1b70        0     1                 $d
    1bbc     1bbc        0     1                 $t
    1f64     1f64        0     1                 $d
    1f8c     1f8c        0     1                 $t
    20c4     20c4        0     1                 $d
    20f0     20f0       c4     4         /home/sashad/Documents/OpenSteamController-Continued/Firmware/Rust_Firmware/target/thumbv6m-none-eabi/release/deps/steamcontroller_firmware-4ec8a0154cca4da5.steamcontroller_firmware.dda15ec74839e1c5-cgu.0.rcgu.o:(.text._ZN4libm4math6k_sinf6k_sinf17hc0942cece6797df4E)
    20f0     20f0        0     1                 $t
    20f1     20f1       c4     1                 libm::math::k_sinf::k_sinf::hc0942cece6797df4
    2194     2194        0     1                 $d
    21b4     21b4       bc     4         /home/sashad/Documents/OpenSteamController-Continued/Firmware/Rust_Firmware/target/thumbv6m-none-eabi/release/deps/steamcontroller_firmware-4ec8a0154cca4da5.steamcontroller_firmware.dda15ec74839e1c5-cgu.0.rcgu.o:(.text._ZN4libm4math6k_cosf6k_cosf17h5b4a89817ddb0595E)
    21b4     21b4        0     1                 $t
    21b5     21b5       bc     1                 libm::math::k_cosf::k_cosf::h5b4a89817ddb0595
    224c     224c        0     1                 $d
    2270     2270      14c     4         /home/sashad/Documents/OpenSteamController-Continued/Firmware/Rust_Firmware/target/thumbv6m-none-eabi/release/deps/steamcontroller_firmware-4ec8a0154cca4da5.steamcontroller_firmware.dda15ec74839e1c5-cgu.0.rcgu.o:(.text._ZN4libm4math4sinf4sinf17h6029a81215e2468eE)
    2270     2270        0     1                 $t
    2271     2271      14c     1                 libm::math::sinf::sinf::h6029a81215e2468e
    2334     2334        0     1                 $d
    2338     2338        0     1                 $t
    2380     2380        0     1                 $d
    23bc     23bc        6     2         /home/sashad/Documents/OpenSteamController-Continued/Firmware/Rust_Firmware/target/thumbv6m-none-eabi/release/deps/steamcontroller_firmware-4ec8a0154cca4da5.steamcontroller_firmware.dda15ec74839e1c5-cgu.0.rcgu.o:(.text._RNvCs691rhTbG0Ee_7___rustc17rust_begin_unwind)
    23bc     23bc        0     1                 $t
    23bd     23bd        6     1                 __rustc::rust_begin_unwind
    23c2     23c2        4     2         /tmp/rustc3CWFzW/libcortex_m-460704250314fa50.rlib(bin/thumbv6m-none-eabi.o):(.text.__cpsid)
    23c2     23c2        0     1                 $t.3
    23c3     23c3        4     1                 __cpsid
    23c6     23c6        4     2         /tmp/rustc3CWFzW/libcortex_m-460704250314fa50.rlib(bin/thumbv6m-none-eabi.o):(.text.__cpsie)
    23c6     23c6        0     1                 $t.4
    23c7     23c7        4     1                 __cpsie
    23ca     23ca        6     2         /tmp/rustc3CWFzW/libcortex_m-460704250314fa50.rlib(bin/thumbv6m-none-eabi.o):(.text.__primask_r)
    23ca     23ca        0     1                 $t.12
    23cb     23cb        6     1                 __primask_r
    23d0     23d0       f0     4         /home/sashad/.rustup/toolchains/stable-x86_64-unknown-linux-gnu/lib/rustlib/thumbv6m-none-eabi/lib/libcompiler_builtins-9e24277829452371.rlib(compiler_builtins-9e24277829452371.compiler_builtins.4f88544eff998ea5-cgu.151.rcgu.o):(.text.__aeabi_d2f)
    23d0     23d0        0     1                 $t
    23d1     23d1       f0     1                 __aeabi_d2f
    24a0     24a0        0     1                 $d
    24c0     24c0       54     4         /home/sashad/.rustup/toolchains/stable-x86_64-unknown-linux-gnu/lib/rustlib/thumbv6m-none-eabi/lib/libcompiler_builtins-9e24277829452371.rlib(compiler_builtins-9e24277829452371.compiler_builtins.4f88544eff998ea5-cgu.155.rcgu.o):(.text.__aeabi_dcmpeq)
    24c0     24c0        0     1                 $t
    24c1     24c1       54     1                 __aeabi_dcmpeq
    250c     250c        0     1                 $d
    2514     2514       c0     2         /home/sashad/.rustup/toolchains/stable-x86_64-unknown-linux-gnu/lib/rustlib/thumbv6m-none-eabi/lib/libcompiler_builtins-9e24277829452371.rlib(compiler_builtins-9e24277829452371.compiler_builtins.4f88544eff998ea5-cgu.157.rcgu.o):(.text.__aeabi_memclr)
    2514     2514        0     1                 $t
    2515     2515       c0     1                 __aeabi_memclr
    25d4     25d4       8c     4         /home/sashad/.rustup/toolchains/stable-x86_64-unknown-linux-gnu/lib/rustlib/thumbv6m-none-eabi/lib/libcompiler_builtins-9e24277829452371.rlib(compiler_builtins-9e24277829452371.compiler_builtins.4f88544eff998ea5-cgu.164.rcgu.o):(.text.__aeabi_dcmpge)
    25d4     25d4        0     1                 $t
    25d5     25d5       8c     1                 __aeabi_dcmpge
    2658     2658        0     1                 $d
    2660     2660       4c     4         /home/sashad/.rustup/toolchains/stable-x86_64-unknown-linux-gnu/lib/rustlib/thumbv6m-none-eabi/lib/libcompiler_builtins-9e24277829452371.rlib(compiler_builtins-9e24277829452371.compiler_builtins.4f88544eff998ea5-cgu.177.rcgu.o):(.text.__aeabi_i2d)
    2660     2660        0     1                 $t
    2661     2661       4c     1                 __aeabi_i2d
    26a4     26a4        0     1                 $d
    26ac     26ac        a     2         /home/sashad/.rustup/toolchains/stable-x86_64-unknown-linux-gnu/lib/rustlib/thumbv6m-none-eabi/lib/libcompiler_builtins-9e24277829452371.rlib(compiler_builtins-9e24277829452371.compiler_builtins.4f88544eff998ea5-cgu.181.rcgu.o):(.text.__aeabi_dadd)
    26ac     26ac        0     1                 $t
    26ad     26ad        a     1                 __aeabi_dadd
    26b8     26b8      214     4         /home/sashad/.rustup/toolchains/stable-x86_64-unknown-linux-gnu/lib/rustlib/thumbv6m-none-eabi/lib/libcompiler_builtins-9e24277829452371.rlib(compiler_builtins-9e24277829452371.compiler_builtins.4f88544eff998ea5-cgu.002.rcgu.o):(.text._ZN17compiler_builtins5float3add8__addsf317h27c3b264cffd5efeE)
    26b8     26b8        0     1                 $t
    26b9     26b9      214     1                 compiler_builtins::float::add::__addsf3::h27c3b264cffd5efe
    28bc     28bc        0     1                 $d
    28cc     28cc      3b0     4         /home/sashad/.rustup/toolchains/stable-x86_64-unknown-linux-gnu/lib/rustlib/thumbv6m-none-eabi/lib/libcompiler_builtins-9e24277829452371.rlib(compiler_builtins-9e24277829452371.compiler_builtins.4f88544eff998ea5-cgu.002.rcgu.o):(.text._ZN17compiler_builtins5float3add8__adddf317h922d9666509e6cccE)
    28cc     28cc        0     1                 $t
    28cd     28cd      3b0     1                 compiler_builtins::float::add::__adddf3::h922d9666509e6ccc
    2c50     2c50        0     1                 $d
    2c7c     2c7c       6c     4         /home/sashad/.rustup/toolchains/stable-x86_64-unknown-linux-gnu/lib/rustlib/thumbv6m-none-eabi/lib/libcompiler_builtins-9e24277829452371.rlib(compiler_builtins-9e24277829452371.compiler_builtins.4f88544eff998ea5-cgu.182.rcgu.o):(.text.__aeabi_dcmpgt)
    2c7c     2c7c        0     1                 $t
    2c7d     2c7d       6c     1                 __aeabi_dcmpgt
    2ce0     2ce0        0     1                 $d
    2ce8     2ce8        a     2         /home/sashad/.rustup/toolchains/stable-x86_64-unknown-linux-gnu/lib/rustlib/thumbv6m-none-eabi/lib/libcompiler_builtins-9e24277829452371.rlib(compiler_builtins-9e24277829452371.compiler_builtins.4f88544eff998ea5-cgu.189.rcgu.o):(.text.__aeabi_fmul)
    2ce8     2ce8        0     1                 $t
    2ce9     2ce9        a     1                 __aeabi_fmul
    2cf4     2cf4      1a0     4         /home/sashad/.rustup/toolchains/stable-x86_64-unknown-linux-gnu/lib/rustlib/thumbv6m-none-eabi/lib/libcompiler_builtins-9e24277829452371.rlib(compiler_builtins-9e24277829452371.compiler_builtins.4f88544eff998ea5-cgu.004.rcgu.o):(.text._ZN17compiler_builtins5float3mul8__mulsf317h49fb007d74c9b45cE)
    2cf4     2cf4        0     1                 $t
    2cf5     2cf5      1a0     1                 compiler_builtins::float::mul::__mulsf3::h49fb007d74c9b45c
    2e8c     2e8c        0     1                 $d
    2e94     2e94      3b8     4         /home/sashad/.rustup/toolchains/stable-x86_64-unknown-linux-gnu/lib/rustlib/thumbv6m-none-eabi/lib/libcompiler_builtins-9e24277829452371.rlib(compiler_builtins-9e24277829452371.compiler_builtins.4f88544eff998ea5-cgu.004.rcgu.o):(.text._ZN17compiler_builtins5float3mul8__muldf317h5bf0505fa344c493E)
    2e94     2e94        0     1                 $t
    2e95     2e95      3b8     1                 compiler_builtins::float::mul::__muldf3::h5bf0505fa344c493
    3224     3224        0     1                 $d
    324c     324c       7c     4         /home/sashad/.rustup/toolchains/stable-x86_64-unknown-linux-gnu/lib/rustlib/thumbv6m-none-eabi/lib/libcompiler_builtins-9e24277829452371.rlib(compiler_builtins-9e24277829452371.compiler_builtins.4f88544eff998ea5-cgu.199.rcgu.o):(.text.__aeabi_f2d)
    324c     324c        0     1                 $t
    324d     324d       7c     1                 __aeabi_f2d
    32bc     32bc        0     1                 $d
    32c8     32c8       3c     4         /home/sashad/.rustup/toolchains/stable-x86_64-unknown-linux-gnu/lib/rustlib/thumbv6m-none-eabi/lib/libcompiler_builtins-9e24277829452371.rlib(compiler_builtins-9e24277829452371.compiler_builtins.4f88544eff998ea5-cgu.200.rcgu.o):(.text.__aeabi_fcmpgt)
    32c8     32c8        0     1                 $t
    32c9     32c9       3c     1                 __aeabi_fcmpgt
    3300     3300        0     1                 $d
    3304     3304       6c     2         /home/sashad/.rustup/toolchains/stable-x86_64-unknown-linux-gnu/lib/rustlib/thumbv6m-none-eabi/lib/libcompiler_builtins-9e24277829452371.rlib(compiler_builtins-9e24277829452371.compiler_builtins.4f88544eff998ea5-cgu.201.rcgu.o):(.text.__clzsi2)
    3304     3304        0     1                 $t
    3305     3305       6c     1                 __clzsi2
    3370     3370       24     2         /home/sashad/.rustup/toolchains/stable-x86_64-unknown-linux-gnu/lib/rustlib/thumbv6m-none-eabi/lib/libcompiler_builtins-9e24277829452371.rlib(compiler_builtins-9e24277829452371.compiler_builtins.4f88544eff998ea5-cgu.204.rcgu.o):(.text.__aeabi_idiv)
    3370     3370        0     1                 $t
    3371     3371       24     1                 __aeabi_idiv
    3394     3394      1a4     2         /home/sashad/.rustup/toolchains/stable-x86_64-unknown-linux-gnu/lib/rustlib/thumbv6m-none-eabi/lib/libcompiler_builtins-9e24277829452371.rlib(compiler_builtins-9e24277829452371.compiler_builtins.4f88544eff998ea5-cgu.006.rcgu.o):(.text._ZN17compiler_builtins3int19specialized_div_rem11u32_div_rem17h60095d15c286701eE)
    3394     3394        0     1                 $t
    3395     3395      1a4     1                 compiler_builtins::int::specialized_div_rem::u32_div_rem::h60095d15c286701e
    3538     3538       2e     2         /home/sashad/.rustup/toolchains/stable-x86_64-unknown-linux-gnu/lib/rustlib/thumbv6m-none-eabi/lib/libcompiler_builtins-9e24277829452371.rlib(compiler_builtins-9e24277829452371.compiler_builtins.4f88544eff998ea5-cgu.215.rcgu.o):(.text.__aeabi_llsr)
    3538     3538        0     1                 $t
    3539     3539       2e     1                 __aeabi_llsr
    3566     3566       9a     2         /home/sashad/.rustup/toolchains/stable-x86_64-unknown-linux-gnu/lib/rustlib/thumbv6m-none-eabi/lib/libcompiler_builtins-9e24277829452371.rlib(compiler_builtins-9e24277829452371.compiler_builtins.4f88544eff998ea5-cgu.234.rcgu.o):(.text.__aeabi_memclr4)
    3566     3566        0     1                 $t
    3567     3567       9a     1                 __aeabi_memclr4
    3600     3600       30     4         /home/sashad/.rustup/toolchains/stable-x86_64-unknown-linux-gnu/lib/rustlib/thumbv6m-none-eabi/lib/libcompiler_builtins-9e24277829452371.rlib(compiler_builtins-9e24277829452371.compiler_builtins.4f88544eff998ea5-cgu.244.rcgu.o):(.text.__aeabi_fcmpeq)
    3600     3600        0     1                 $t
    3601     3601       30     1                 __aeabi_fcmpeq
    362c     362c        0     1                 $d
    3630     3630       2c     4         /home/sashad/.rustup/toolchains/stable-x86_64-unknown-linux-gnu/lib/rustlib/thumbv6m-none-eabi/lib/libcompiler_builtins-9e24277829452371.rlib(compiler_builtins-9e24277829452371.compiler_builtins.4f88544eff998ea5-cgu.251.rcgu.o):(.text.__aeabi_dcmpun)
    3630     3630        0     1                 $t
    3631     3631       2c     1                 __aeabi_dcmpun
    3658     3658        0     1                 $d
    365c     365c       44     2         /home/sashad/.rustup/toolchains/stable-x86_64-unknown-linux-gnu/lib/rustlib/thumbv6m-none-eabi/lib/libcompiler_builtins-9e24277829452371.rlib(compiler_builtins-9e24277829452371.compiler_builtins.4f88544eff998ea5-cgu.296.rcgu.o):(.text.__aeabi_i2f)
    365c     365c        0     1                 $t
    365d     365d       44     1                 __aeabi_i2f
    36a0     36a0       2c     2         /home/sashad/.rustup/toolchains/stable-x86_64-unknown-linux-gnu/lib/rustlib/thumbv6m-none-eabi/lib/libcompiler_builtins-9e24277829452371.rlib(compiler_builtins-9e24277829452371.compiler_builtins.4f88544eff998ea5-cgu.299.rcgu.o):(.text.__aeabi_llsl)
    36a0     36a0        0     1                 $t
    36a1     36a1       2c     1                 __aeabi_llsl
    36cc     36cc       10     2         /home/sashad/.rustup/toolchains/stable-x86_64-unknown-linux-gnu/lib/rustlib/thumbv6m-none-eabi/lib/libcompiler_builtins-9e24277829452371.rlib(compiler_builtins-9e24277829452371.compiler_builtins.4f88544eff998ea5-cgu.304.rcgu.o):(.text.__aeabi_fsub)
    36cc     36cc        0     1                 $t
    36cd     36cd       10     1                 __aeabi_fsub
    36dc     36dc        a     2         /home/sashad/.rustup/toolchains/stable-x86_64-unknown-linux-gnu/lib/rustlib/thumbv6m-none-eabi/lib/libcompiler_builtins-9e24277829452371.rlib(compiler_builtins-9e24277829452371.compiler_builtins.4f88544eff998ea5-cgu.334.rcgu.o):(.text.__aeabi_fadd)
    36dc     36dc        0     1                 $t
    36dd     36dd        a     1                 __aeabi_fadd
    36e6     36e6       2e     2         /home/sashad/.rustup/toolchains/stable-x86_64-unknown-linux-gnu/lib/rustlib/thumbv6m-none-eabi/lib/libcompiler_builtins-9e24277829452371.rlib(compiler_builtins-9e24277829452371.compiler_builtins.4f88544eff998ea5-cgu.359.rcgu.o):(.text.__aeabi_lasr)
    36e6     36e6        0     1                 $t
    36e7     36e7       2e     1                 __aeabi_lasr
    3714     3714       10     2         /home/sashad/.rustup/toolchains/stable-x86_64-unknown-linux-gnu/lib/rustlib/thumbv6m-none-eabi/lib/libcompiler_builtins-9e24277829452371.rlib(compiler_builtins-9e24277829452371.compiler_builtins.4f88544eff998ea5-cgu.363.rcgu.o):(.text.__aeabi_dsub)
    3714     3714        0     1                 $t
    3715     3715       10     1                 __aeabi_dsub
    3724     3724        a     2         /home/sashad/.rustup/toolchains/stable-x86_64-unknown-linux-gnu/lib/rustlib/thumbv6m-none-eabi/lib/libcompiler_builtins-9e24277829452371.rlib(compiler_builtins-9e24277829452371.compiler_builtins.4f88544eff998ea5-cgu.371.rcgu.o):(.text.__aeabi_uidiv)
    3724     3724        0     1                 $t
    3725     3725        a     1                 __aeabi_uidiv
    372e     372e       4a     2         /home/sashad/.rustup/toolchains/stable-x86_64-unknown-linux-gnu/lib/rustlib/thumbv6m-none-eabi/lib/libcompiler_builtins-9e24277829452371.rlib(compiler_builtins-9e24277829452371.compiler_builtins.4f88544eff998ea5-cgu.373.rcgu.o):(.text.__aeabi_lmul)
    372e     372e        0     1                 $t
    372f     372f       4a     1                 __aeabi_lmul
    3778     3778        a     2         /home/sashad/.rustup/toolchains/stable-x86_64-unknown-linux-gnu/lib/rustlib/thumbv6m-none-eabi/lib/libcompiler_builtins-9e24277829452371.rlib(compiler_builtins-9e24277829452371.compiler_builtins.4f88544eff998ea5-cgu.374.rcgu.o):(.text.__aeabi_dmul)
    3778     3778        0     1                 $t
    3779     3779        a     1                 __aeabi_dmul
    3782     3782       2e     2         /home/sashad/.rustup/toolchains/stable-x86_64-unknown-linux-gnu/lib/rustlib/thumbv6m-none-eabi/lib/libcompiler_builtins-9e24277829452371.rlib(compiler_builtins-9e24277829452371.compiler_builtins.4f88544eff998ea5-cgu.386.rcgu.o):(.text.__aeabi_fcmpun)
    3782     3782        0     1                 $t
    3783     3783       2e     1                 __aeabi_fcmpun
    37b0     37b0       5c     4         /home/sashad/.rustup/toolchains/stable-x86_64-unknown-linux-gnu/lib/rustlib/thumbv6m-none-eabi/lib/libcompiler_builtins-9e24277829452371.rlib(compiler_builtins-9e24277829452371.compiler_builtins.4f88544eff998ea5-cgu.401.rcgu.o):(.text.__aeabi_d2iz)
    37b0     37b0        0     1                 $t
    37b1     37b1       5c     1                 __aeabi_d2iz
    3800     3800        0     1                 $d
    380c     380c        a     2         /home/sashad/.rustup/toolchains/stable-x86_64-unknown-linux-gnu/lib/rustlib/thumbv6m-none-eabi/lib/libcompiler_builtins-9e24277829452371.rlib(compiler_builtins-9e24277829452371.compiler_builtins.4f88544eff998ea5-cgu.407.rcgu.o):(.text.__aeabi_fdiv)
    380c     380c        0     1                 $t
    380d     380d        a     1                 __aeabi_fdiv
    3818     3818      210     4         /home/sashad/.rustup/toolchains/stable-x86_64-unknown-linux-gnu/lib/rustlib/thumbv6m-none-eabi/lib/libcompiler_builtins-9e24277829452371.rlib(compiler_builtins-9e24277829452371.compiler_builtins.4f88544eff998ea5-cgu.000.rcgu.o):(.text._ZN17compiler_builtins5float3div8__divsf317h323e1fae4cbb5631E)
    3818     3818        0     1                 $t
    3819     3819      210     1                 compiler_builtins::float::div::__divsf3::h323e1fae4cbb5631
    3a1c     3a1c        0     1                 $d
    3a28     3a28        a     2         /home/sashad/.rustup/toolchains/stable-x86_64-unknown-linux-gnu/lib/rustlib/thumbv6m-none-eabi/lib/libcompiler_builtins-9e24277829452371.rlib(compiler_builtins-9e24277829452371.compiler_builtins.4f88544eff998ea5-cgu.413.rcgu.o):(.text.__aeabi_memcpy)
    3a28     3a28        0     1                 $t
    3a29     3a29        a     1                 __aeabi_memcpy
    3a32     3a32      252     2         /home/sashad/.rustup/toolchains/stable-x86_64-unknown-linux-gnu/lib/rustlib/thumbv6m-none-eabi/lib/libcompiler_builtins-9e24277829452371.rlib(compiler_builtins-9e24277829452371.compiler_builtins.4f88544eff998ea5-cgu.010.rcgu.o):(.text._ZN17compiler_builtins3mem6memcpy17ha64974c4378ed000E)
    3a32     3a32        0     1                 $t
    3a33     3a33      252     1                 compiler_builtins::mem::memcpy::ha64974c4378ed000
    3c84     3c84        6     2         /home/sashad/Documents/OpenSteamController-Continued/Firmware/Rust_Firmware/target/thumbv6m-none-eabi/release/deps/steamcontroller_firmware-4ec8a0154cca4da5.steamcontroller_firmware.dda15ec74839e1c5-cgu.0.rcgu.o:(.HardFault.default)
    3c84     3c84        0     1                 $t
    3c85     3c85        6     1                 HardFault_
    3c8a     3c8a        2     1         . = ALIGN(4)
    3c8c     3c8c        0     1         __etext = .
    3c90     3c90      278     8 .rodata
    3c90     3c90        0     1         . = ALIGN(4)
    3c90     3c90        0     1         __srodata = .
    3c90     3c90       30     4         <internal>:(.rodata.cst16)
    3cc0     3cc0      108     4         /home/sashad/Documents/OpenSteamController-Continued/Firmware/Rust_Firmware/target/thumbv6m-none-eabi/release/deps/steamcontroller_firmware-4ec8a0154cca4da5.steamcontroller_firmware.dda15ec74839e1c5-cgu.0.rcgu.o:(.rodata..Lanon.4f3961d23f6070702aba011a12d8715a.5)
    3dc8     3dc8       40     8         /home/sashad/Documents/OpenSteamController-Continued/Firmware/Rust_Firmware/target/thumbv6m-none-eabi/release/deps/steamcontroller_firmware-4ec8a0154cca4da5.steamcontroller_firmware.dda15ec74839e1c5-cgu.0.rcgu.o:(.rodata..Lanon.4f3961d23f6070702aba011a12d8715a.6)
    3e08     3e08      100     2         /home/sashad/Documents/OpenSteamController-Continued/Firmware/Rust_Firmware/target/thumbv6m-none-eabi/release/deps/steamcontroller_firmware-4ec8a0154cca4da5.steamcontroller_firmware.dda15ec74839e1c5-cgu.0.rcgu.o:(.rodata._ZN4libm4math7generic4sqrt9RSQRT_TAB17h7c42cf1eb515adf7E)
    3e08     3e08      100     1                 libm::math::generic::sqrt::RSQRT_TAB::h7c42cf1eb515adf7
    3f08     3f08        0     1         . = ALIGN(4)
    3f08     3f08        0     1         __erodata = .
10000000     3f08        4     4 .data
10000000     3f08        0     1         . = ALIGN(4)
10000000     3f08        0     1         __sdata = .
10000000     3f08        1     4         /home/sashad/Documents/OpenSteamController-Continued/Firmware/Rust_Firmware/target/thumbv6m-none-eabi/release/deps/steamcontroller_firmware-4ec8a0154cca4da5.steamcontroller_firmware.dda15ec74839e1c5-cgu.0.rcgu.o:(.data._ZN24steamcontroller_firmware3hal3usb10USB_DRIVER17h0f674bcfda7a8c76E.1)
10000000     3f08        1     1                 steamcontroller_firmware::hal::usb::USB_DRIVER::h0f674bcfda7a8c76 (.1)
10000001     3f09        3     1         . = ALIGN(4)
10000004     3f0c        0     1 . = ALIGN(4)
10000004     3f0c        0     1 __edata = .
10000004     3f0c        0     1 __sidata = LOADADDR(.data)
    3f20     3f20        0    32 .gnu.sgstubs
    3f20     3f20        0     1         . = ALIGN(32)
    3f20     3f20        0     1         __veneer_base = .
    3f20     3f20        0     1         . = ALIGN(32)
    3f20     3f20        0     1 . = ALIGN(32)
    3f20     3f20        0     1 __veneer_limit = .
10000004 10000004        8     4 .bss
10000004 10000004        0     1         . = ALIGN(4)
10000004 10000004        0     1         __sbss = .
10000004 10000004        8     4         /home/sashad/Documents/OpenSteamController-Continued/Firmware/Rust_Firmware/target/thumbv6m-none-eabi/release/deps/steamcontroller_firmware-4ec8a0154cca4da5.steamcontroller_firmware.dda15ec74839e1c5-cgu.0.rcgu.o:(.bss..L_MergedGlobals)
10000004 10000004        1     1                 DEVICE_PERIPHERALS
10000008 10000008        4     1                 steamcontroller_firmware::hal::usb::USB_DRIVER::h0f674bcfda7a8c76 (.0)
1000000c 1000000c        0     1         . = ALIGN(4)
1000000c 1000000c        0     1 . = ALIGN(4)
1000000c 1000000c        0     1 __ebss = .
1000000c 1000000c        0     4 .uninit
1000000c 1000000c        0     1         . = ALIGN(4)
1000000c 1000000c        0     1         __suninit = .
1000000c 1000000c        0     1         . = ALIGN(4)
1000000c 1000000c        0     1         __euninit = .
1000000c 1000000c        0     1 PROVIDE(__sheap = __euninit)
1000000c 1000000c        0     1 PROVIDE(_stack_end = __euninit)
1000000c 1000000c        0     1 
1000000c 1000000c        0     1 
1000000c 1000000c        0     1 
1000000c 1000000c        0     1 
1000000c 1000000c        0     1 
1000000c 1000000c        0     1 
1000000c 1000000c        0     1 
1000000c 1000000c        0     1 
1000000c 1000000c        0     1 
1000000c 1000000c        0     1 
1000000c 1000000c        0     1 
1000000c 1000000c        0     1 
1000000c 1000000c        0     1 
1000000c 1000000c        0     1 
1000000c 1000000c        0     1 
1000000c 1000000c        0     1 
       0        0       8b     1 .comment
       0        0       8b     1         <internal>:(.comment)
       0        0       30     1 .ARM.attributes
       0        0       30     1         /home/sashad/Documents/OpenSteamController-Continued/Firmware/Rust_Firmware/target/thumbv6m-none-eabi/release/deps/steamcontroller_firmware-4ec8a0154cca4da5.steamcontroller_firmware.dda15ec74839e1c5-cgu.0.rcgu.o:(.ARM.attributes)
       0        0       60     1 .shstrtab
       0        0       60     1         <internal>:(.shstrtab)
